// Jest Snapshot v1, https://goo.gl/fbAQLP

exports[`Generic Error renders a simple error component 1`] = `
<div
  className="ui red inverted secondary segment"
>
  <div
    className="ui icon header"
  >
    <h3>
      Check the configuration of your searchkit block!
    </h3>
  </div>
  <b>
    ConnectionError
    :
  </b>
   
  <i>
    Service pipapo not found.
  </i>
</div>
`;
